Microchip MPLAB XC8 Compiler V1.45 ()

Linker command line:

-W-3 --edf=C:\Program Files (x86)\Microchip\xc8\v1.45\dat\en_msgs.txt -cs \
  -h+dist/default/production\Situo5Adapter.X.production.sym \
  --cmf=dist/default/production\Situo5Adapter.X.production.cmf -z -Q16F688 \
  -oC:\Users\KPTN__~1\AppData\Local\Temp\s9ek.2 \
  -Mdist/default/production/Situo5Adapter.X.production.map -E1 -ver=XC8 \
  -ASTACK=0A0h-0efh -pstack=STACK -ACODE=00h-07FFhx2 -ASTRCODE=00h-0FFFh \
  -ASTRING=00h-0FFhx16 -ACONST=00h-0FFhx16 -AENTRY=00h-0FFhx16 \
  -ACOMMON=070h-07Fh -ABANK0=020h-06Fh -ABANK1=0A0h-0EFh \
  -ABANK2=0120h-016Fh -ARAM=020h-06Fh,0A0h-0EFh,0120h-016Fh \
  -AABS1=020h-07Fh,0A0h-0EFh,0120h-016Fh -ASFR0=00h-01Fh -ASFR1=080h-09Fh \
  -ASFR2=0100h-011Fh -ASFR3=0180h-01EFh \
  -preset_vec=00h,intentry=04h,init,end_init -ppowerup=CODE -pcinit=CODE \
  -pfunctab=ENTRY -ACONFIG=02007h-02007h -pconfig=CONFIG -DCONFIG=2 \
  -AIDLOC=02000h-02003h -pidloc=IDLOC -DIDLOC=2 -AEEDATA=00h-0FFh/02100h \
  -peeprom_data=EEDATA -DEEDATA=2 -DCODE=2 -DSTRCODE=2 -DSTRING=2 -DCONST=2 \
  -DENTRY=2 -k C:\Users\KPTN__~1\AppData\Local\Temp\s9ek.obj \
  dist/default/production\Situo5Adapter.X.production.obj 

Object code version is 3.11

Machine type is 16F688



                Name                               Link     Load   Length Selector   Space Scale
C:\Users\KPTN__~1\AppData\Local\Temp\s9ek.obj
                end_init                             11       11        2        8       0
                reset_vec                             0        0        2        0       0
                config                             2007     2007        1     400E       0
dist/default/production\Situo5Adapter.X.production.obj
                cinit                                13       13       14        8       0
                intentry                              4        4        D        8       0
                text24                              756      756        6      B20       0
                text23                              713      713        C      B20       0
                text22                              761      761        3      B20       0
                text21                              74E      74E        8      B20       0
                text20                              6AB      6AB       17      B20       0
                text19                              461      461       68        8       0
                text18                              389      389       6F        8       0
                text17                              707      707        C      B20       0
                text16                              66C      66C       22      B20       0
                text15                              6C2      6C2       14      B20       0
                text14                              649      649       23      B20       0
                text13                              3F8      3F8       69        8       0
                text12                              746      746        8      B20       0
                text11                              620      620       29      B20       0
                text10                              75C      75C        5      B20       0
                text9                               68E      68E       1D      B20       0
                text8                               273      273      116        8       0
                text7                               5DF      5DF       41      B20       0
                text6                               72A      72A        B      B20       0
                text5                               71F      71F        B      B20       0
                text4                               6F7      6F7       10      B20       0
                text3                               590      590       4F      B20       0
                text2                               6D6      6D6       11      B20       0
                text1                                27       27      24C        8       0
                maintext                            4C9      4C9       67        8       0
                cstackBANK0                          20       20       30       20       1
                cstackCOMMON                         70       70        E       70       1
                clrtext                             73E      73E        8      B20       0
                inittext                            6E7      6E7       10      B20       0
                dataBANK0                            61       61        9       20       1
                bssBANK0                             50       50       11       20       1
                strings                             530      530       60      A60       0
                idataBANK0                          735      735        9      B20       0

TOTAL           Name                               Link     Load   Length     Space
        CLASS   STACK          

        CLASS   CODE           
                end_init                             11       11        2         0
                cinit                                13       13       14         0
                intentry                              4        4        D         0
                reset_vec                             0        0        2         0
                text24                              756      756        6         0
                text23                              713      713        C         0
                text22                              761      761        3         0
                text21                              74E      74E        8         0
                text20                              6AB      6AB       17         0
                text19                              461      461       68         0
                text18                              389      389       6F         0
                text17                              707      707        C         0
                text16                              66C      66C       22         0
                text15                              6C2      6C2       14         0
                text14                              649      649       23         0
                text13                              3F8      3F8       69         0
                text12                              746      746        8         0
                text11                              620      620       29         0
                text10                              75C      75C        5         0
                text9                               68E      68E       1D         0
                text8                               273      273      116         0
                text7                               5DF      5DF       41         0
                text6                               72A      72A        B         0
                text5                               71F      71F        B         0
                text4                               6F7      6F7       10         0
                text3                               590      590       4F         0
                text2                               6D6      6D6       11         0
                text1                                27       27      24C         0
                maintext                            4C9      4C9       67         0
                clrtext                             73E      73E        8         0
                inittext                            6E7      6E7       10         0
                idataBANK0                          735      735        9         0

        CLASS   STRCODE        

        CLASS   STRING         
                strings                             530      530       60         0

        CLASS   CONST          

        CLASS   ENTRY          

        CLASS   COMMON         
                cstackCOMMON                         70       70        E         1

        CLASS   BANK0          
                cstackBANK0                          20       20       30         1
                dataBANK0                            61       61        9         1
                bssBANK0                             50       50       11         1

        CLASS   BANK1          

        CLASS   BANK2          

        CLASS   RAM            

        CLASS   ABS1           
                abs_s1                               7E       7E        2         1

        CLASS   SFR0           

        CLASS   SFR1           

        CLASS   SFR2           

        CLASS   SFR3           

        CLASS   CONFIG         
                config                             2007     2007        1         0

        CLASS   IDLOC          

        CLASS   EEDATA         

        CLASS   BANK3          



SEGMENTS        Name                           Load    Length   Top    Selector   Space  Class     Delta

                reset_vec                      000000  000002  000002         0       0  CODE        2
                intentry                       000004  00052C  000530         8       0  CODE        2
                cstackBANK0                    000020  00004A  00006A        20       1  BANK0       1
                cstackCOMMON                   000070  00000E  00007E        70       1  COMMON      1
                strings                        000530  000060  000590       A60       0  STRING      2
                text3                          000590  0001D4  000764       B20       0  CODE        2
                config                         002007  000001  002008      400E       0  CONFIG      2


UNUSED ADDRESS RANGES

        Name                Unused          Largest block    Delta
        BANK0            006A-006F              6           1
        BANK1            00A0-00EF             50           1
        BANK2            0120-016F             50           1
        CODE             0002-0003              2           2
                         0764-0FFF             9C
        CONST            0002-0003              2           2
                         0764-0FFF            100
        EEDATA           2100-21FF            100           2
        ENTRY            0002-0003              2           2
                         0764-0FFF            100
        IDLOC            2000-2003              4           2
        RAM              006A-006F              6           1
                         00A0-00EF             50
                         0120-016F             50
        SFR0             0000-001F             20           1
        SFR1             0080-009F             20           1
        SFR2             0100-011F             20           1
        SFR3             0180-01EF             70           1
        STACK            00A0-00EF             50           1
        STRCODE          0002-0003              2           2
                         0764-0FFF            89C
        STRING           0002-0003              2           2
                         0764-0FFF            100

                                  Symbol Table

?___lmul                      cstackBANK0  002F
?___wmul                      cstackBANK0  0020
?_ctoi                        cstackBANK0  0020
?_pow                         cstackBANK0  0026
CmdMultiChannel@chanToActive  cstackBANK0  0032
CmdMultiChannel@delay         cstackBANK0  0034
CmdMultiChannel@i             cstackBANK0  003C
CmdMultiChannel@nbChange      cstackBANK0  003E
CommandChannel@d              cstackBANK0  0025
ISR@c                         cstackCOMMON 007D
_ADCON0                       (abs)        001F
_ANSEL                        (abs)        0091
_BAUDCTLbits                  (abs)        0011
_CMCON0                       (abs)        0019
_CREN                         (abs)        00BC
_CmdMultiChannel              text8        0273
_CommandChannel               text15       06C2
_DebugMode                    bssBANK0     005F
_Err_Code                     dataBANK0    0068
_INTCON                       (abs)        000B
_INTCONbits                   (abs)        000B
_ISR                          text18       0389
_LenRs232                     bssBANK0     0060
_NewTs232Frame                dataBANK0    0069
_OPTION_REGbits               (abs)        0081
_PIE1bits                     (abs)        008C
_PIR1bits                     (abs)        000C
_ProcessReadChannel           text13       03F8
_RA0                          (abs)        0028
_RA1                          (abs)        0029
_RA2                          (abs)        002A
_RA3                          (abs)        002B
_RA4                          (abs)        002C
_RA5                          (abs)        002D
_RC0                          (abs)        0038
_RC1                          (abs)        0039
_RC2                          (abs)        003A
_RC3                          (abs)        003B
_RC4                          (abs)        003C
_RC5                          (abs)        003D
_RCIF                         (abs)        0065
_RCREG                        (abs)        0014
_RCSTA                        (abs)        0017
_RCSTAbits                    (abs)        0017
_RXIN                         dataBANK0    0067
_Rs232Frame                   bssBANK0     0050
_SPBRG                        (abs)        0013
_SPEN                         (abs)        00BF
_TMR0                         (abs)        0001
_TRISA                        (abs)        0085
_TRISC                        (abs)        0087
_TXIF                         (abs)        0061
_TXREG                        (abs)        0015
_TXSTA                        (abs)        0016
__CFG_BOREN$OFF               (abs)        0000
__CFG_CP$OFF                  (abs)        0000
__CFG_CPD$OFF                 (abs)        0000
__CFG_FCMEN$OFF               (abs)        0000
__CFG_FOSC$INTOSCIO           (abs)        0000
__CFG_IESO$OFF                (abs)        0000
__CFG_MCLRE$OFF               (abs)        0000
__CFG_PWRTE$OFF               (abs)        0000
__CFG_WDTE$OFF                (abs)        0000
__Habs1                       abs1         0000
__Hbank0                      bank0        0000
__Hbank1                      bank1        0000
__Hbank2                      bank2        0000
__Hbank3                      bank3        0000
__HbssBANK0                   bssBANK0     0000
__Hcinit                      cinit        0027
__Hclrtext                    clrtext      0000
__Hcode                       code         0000
__Hcommon                     common       0000
__Hconfig                     config       2008
__HcstackBANK0                cstackBANK0  0000
__HcstackCOMMON               cstackCOMMON 0000
__HdataBANK0                  dataBANK0    0000
__Heeprom_data                eeprom_data  0000
__Hend_init                   end_init     0013
__Hfunctab                    functab      0000
__HidataBANK0                 idataBANK0   0000
__Hidloc                      idloc        0000
__Hinit                       init         0011
__Hinittext                   inittext     0000
__Hintentry                   intentry     0011
__Hmaintext                   maintext     0000
__Hpowerup                    powerup      0000
__Hram                        ram          0000
__Hreset_vec                  reset_vec    0002
__Hsfr0                       sfr0         0000
__Hsfr1                       sfr1         0000
__Hsfr2                       sfr2         0000
__Hsfr3                       sfr3         0000
__Hspace_0                    (abs)        2008
__Hspace_1                    (abs)        007E
__Hspace_2                    (abs)        0000
__Hspace_3                    (abs)        0000
__Hstack                      stack        0000
__Hstrings                    strings      0000
__Htext                       text         0000
__Labs1                       abs1         0000
__Lbank0                      bank0        0000
__Lbank1                      bank1        0000
__Lbank2                      bank2        0000
__Lbank3                      bank3        0000
__LbssBANK0                   bssBANK0     0000
__Lcinit                      cinit        0013
__Lclrtext                    clrtext      0000
__Lcode                       code         0000
__Lcommon                     common       0000
__Lconfig                     config       2007
__LcstackBANK0                cstackBANK0  0000
__LcstackCOMMON               cstackCOMMON 0000
__LdataBANK0                  dataBANK0    0000
__Leeprom_data                eeprom_data  0000
__Lend_init                   end_init     0011
__Lfunctab                    functab      0000
__LidataBANK0                 idataBANK0   0000
__Lidloc                      idloc        0000
__Linit                       init         0011
__Linittext                   inittext     0000
__Lintentry                   intentry     0004
__Lmaintext                   maintext     0000
__Lpowerup                    powerup      0000
__Lram                        ram          0000
__Lreset_vec                  reset_vec    0000
__Lsfr0                       sfr0         0000
__Lsfr1                       sfr1         0000
__Lsfr2                       sfr2         0000
__Lsfr3                       sfr3         0000
__Lspace_0                    (abs)        0000
__Lspace_1                    (abs)        0000
__Lspace_2                    (abs)        0000
__Lspace_3                    (abs)        0000
__Lstack                      stack        0000
__Lstrings                    strings      0000
__Ltext                       text         0000
__S0                          (abs)        2008
__S1                          (abs)        007E
__S2                          (abs)        0000
__S3                          (abs)        0000
___int_sp                     stack        0000
___latbits                    (abs)        0001
___lmul                       text7        05DF
___lmul@multiplicand          cstackBANK0  0033
___lmul@multiplier            cstackBANK0  002F
___lmul@product               cstackBANK0  0038
___sp                         stack        0000
___wmul                       text14       0649
___wmul@multiplicand          cstackBANK0  0022
___wmul@multiplier            cstackBANK0  0020
___wmul@product               cstackBANK0  0024
__end_of_CmdMultiChannel      text8        0389
__end_of_CommandChannel       text15       06D6
__end_of_ISR                  text18       03F8
__end_of_ProcessReadChannel   text13       0461
__end_of___lmul               text7        0620
__end_of___wmul               text14       066C
__end_of__initialization      cinit        0024
__end_of__stringtab           strings      0536
__end_of_ctoi                 text6        0735
__end_of_delay_ms             text16       068E
__end_of_fast_delay_ms        text5        072A
__end_of_flashAliveLED        text17       0713
__end_of_getch                text24       075C
__end_of_isdigit              text4        0707
__end_of_itoc                 text10       0761
__end_of_main                 maintext     0530
__end_of_pow                  text3        05DF
__end_of_print_tx             text11       0649
__end_of_printc_tx            text2        06E7
__end_of_printci_tx           text9        06AB
__end_of_processCmdIN         text1        0273
__end_of_processRXIN          text19       04C9
__end_of_putch                text12       074E
__end_ofi1_flashAliveLED      text23       071F
__end_ofi1_itoc               text22       0764
__end_ofi1_printci_tx         text20       06C2
__end_ofi1_putch              text21       0756
__initialization              cinit        0013
__pbssBANK0                   bssBANK0     0050
__pcstackBANK0                cstackBANK0  0020
__pcstackCOMMON               cstackCOMMON 0070
__pdataBANK0                  dataBANK0    0061
__pidataBANK0                 idataBANK0   0735
__pintentry                   intentry     0004
__pmaintext                   maintext     04C9
__pstrings                    strings      0530
__ptext1                      text1        0027
__ptext10                     text10       075C
__ptext11                     text11       0620
__ptext12                     text12       0746
__ptext13                     text13       03F8
__ptext14                     text14       0649
__ptext15                     text15       06C2
__ptext16                     text16       066C
__ptext17                     text17       0707
__ptext18                     text18       0389
__ptext19                     text19       0461
__ptext2                      text2        06D6
__ptext20                     text20       06AB
__ptext21                     text21       074E
__ptext22                     text22       0761
__ptext23                     text23       0713
__ptext24                     text24       0756
__ptext3                      text3        0590
__ptext4                      text4        06F7
__ptext5                      text5        071F
__ptext6                      text6        072A
__ptext7                      text7        05DF
__ptext8                      text8        0273
__ptext9                      text9        068E
__size_of_CmdMultiChannel     (abs)        0000
__size_of_CommandChannel      (abs)        0000
__size_of_ISR                 (abs)        0000
__size_of_ProcessReadChannel  (abs)        0000
__size_of___lmul              (abs)        0000
__size_of___wmul              (abs)        0000
__size_of_ctoi                (abs)        0000
__size_of_delay_ms            (abs)        0000
__size_of_fast_delay_ms       (abs)        0000
__size_of_flashAliveLED       (abs)        0000
__size_of_getch               (abs)        0000
__size_of_isdigit             (abs)        0000
__size_of_itoc                (abs)        0000
__size_of_main                (abs)        0000
__size_of_pow                 (abs)        0000
__size_of_print_tx            (abs)        0000
__size_of_printc_tx           (abs)        0000
__size_of_printci_tx          (abs)        0000
__size_of_processCmdIN        (abs)        0000
__size_of_processRXIN         (abs)        0000
__size_of_putch               (abs)        0000
__size_ofi1_flashAliveLED     (abs)        0000
__size_ofi1_itoc              (abs)        0000
__size_ofi1_printci_tx        (abs)        0000
__size_ofi1_putch             (abs)        0000
__stringbase                  strings      0535
__stringtab                   strings      0530
_channel                      bssBANK0     005D
_ctoi                         text6        072A
_delay_ms                     text16       066C
_fast_delay_ms                text5        071F
_flagRXFramingError           bssBANK0     0059
_flagRXOverrunError           bssBANK0     0057
_flashAliveLED                text17       0707
_getch                        text24       0756
_isdigit                      text4        06F7
_isdigit$573                  cstackBANK0  0020
_itoc                         text10       075C
_lastActiveChannel            bssBANK0     005B
_main                         maintext     04C9
_pow                          text3        0590
_print_tx                     text11       0620
_printc_tx                    text2        06D6
_printci_tx                   text9        068E
_processCmdIN                 text1        0027
_processRXIN                  text19       0461
_putch                        text12       0746
_scaleCount                   dataBANK0    0061
_scaler                       dataBANK0    0063
_tCount                       dataBANK0    0065
btemp                         (abs)        007E
clear_ram0                    clrtext      073E
ctoi@c                        cstackBANK0  0023
delay_ms@i                    cstackBANK0  0023
delay_ms@x                    cstackBANK0  0020
end_of_initialization         cinit        0024
flashAliveLED@changeScaler    cstackBANK0  0022
flashAliveLED@toggleCount     cstackBANK0  0020
i1_flashAliveLED              text23       0713
i1_itoc                       text22       0761
i1_printci_tx                 text20       06AB
i1_putch                      text21       074E
i1flashAliveLED@changeScaler  cstackCOMMON 0072
i1flashAliveLED@toggleCount   cstackCOMMON 0070
i1itoc@i                      cstackCOMMON 0070
i1printci_tx@c                cstackCOMMON 0074
i1printci_tx@i                cstackCOMMON 0072
i1putch@byte                  cstackCOMMON 0070
init_fetch0                   inittext     06E7
init_ram0                     inittext     06EB
interrupt_function            intentry     0004
intlevel0                     functab      0000
intlevel1                     functab      0000
intlevel2                     functab      0000
intlevel3                     functab      0000
intlevel4                     functab      0000
intlevel5                     functab      0000
isdigit@c                     cstackBANK0  0021
itoc@i                        cstackBANK0  0020
pow@a                         cstackBANK0  0026
pow@b                         cstackBANK0  0028
pow@i                         cstackBANK0  002D
pow@result                    cstackBANK0  002B
print_tx@i                    cstackBANK0  0023
print_tx@len                  cstackBANK0  0021
print_tx@str                  cstackBANK0  0025
printc_tx@c                   cstackBANK0  0021
printci_tx@c                  cstackBANK0  0024
printci_tx@i                  cstackBANK0  0022
processCmdIN@i                cstackBANK0  0046
processCmdIN@lenDelay         cstackBANK0  0042
processCmdIN@my_delay         cstackBANK0  0048
processCmdIN@selected_channel cstackBANK0  0044
processRXIN@c_in              cstackCOMMON 0077
putch@byte                    cstackBANK0  0020
reset_vec                     reset_vec    0000
saved_w                       (abs)        007E
stackhi                       (abs)        0000
stacklo                       (abs)        0000
start                         init         0011
start_initialization          cinit        0013
wtemp0                        (abs)        007E


FUNCTION INFORMATION:

 *************** function _main *****************
 Defined at:
		line 583 in file "main.c"
 Parameters:    Size  Location     Type
  argc            2   44[BANK0 ] int 
  argv            2   46[BANK0 ] PTR PTR unsigned char 
 Auto vars:     Size  Location     Type
  input           1    0        unsigned char 
 Return value:  Size  Location     Type
                  2   44[BANK0 ] int 
 Registers used:
		wreg, fsr0l, fsr0h, status,2, status,0, btemp+1, pclath, cstack
 Tracked objects:
		On entry : 
		On exit  : 
		Unchanged: 
 Data sizes:     COMMON   BANK0   BANK1   BANK2
      Params:         0       4       0       0
      Locals:         0       0       0       0
      Temps:          0       0       0       0
      Totals:         0       4       0       0
Total ram usage:        4 bytes
 Hardware stack levels required when called:    8
 This function calls:
		_fast_delay_ms
		_flashAliveLED
		_print_tx
		_processCmdIN
 This function is called by:
		Startup code after reset
 This function uses a non-reentrant model


 *************** function _processCmdIN *****************
 Defined at:
		line 238 in file "main.c"
 Parameters:    Size  Location     Type
		None
 Auto vars:     Size  Location     Type
  i               2   38[BANK0 ] int 
  lenDelay        2   34[BANK0 ] int 
  my_delay        4   40[BANK0 ] unsigned long 
  selected_cha    2   36[BANK0 ] unsigned int 
 Return value:  Size  Location     Type
                  1    wreg      void 
 Registers used:
		wreg, fsr0l, fsr0h, status,2, status,0, btemp+1, pclath, cstack
 Tracked objects:
		On entry : 
		On exit  : 
		Unchanged: 
 Data sizes:     COMMON   BANK0   BANK1   BANK2
      Params:         0       0       0       0
      Locals:         0      10       0       0
      Temps:          0       2       0       0
      Totals:         0      12       0       0
Total ram usage:       12 bytes
 Hardware stack levels used:    1
 Hardware stack levels required when called:    7
 This function calls:
		_CmdMultiChannel
		_CommandChannel
		_ProcessReadChannel
		___lmul
		_ctoi
		_delay_ms
		_fast_delay_ms
		_isdigit
		_pow
		_print_tx
		_printc_tx
		_printci_tx
 This function is called by:
		_main
 This function uses a non-reentrant model


 *************** function _printc_tx *****************
 Defined at:
		line 25 in file "usart.c"
 Parameters:    Size  Location     Type
  c               1    wreg     const unsigned char 
 Auto vars:     Size  Location     Type
  c               1    1[BANK0 ] const unsigned char 
 Return value:  Size  Location     Type
                  1    wreg      void 
 Registers used:
		wreg, status,2, status,0, pclath, cstack
 Tracked objects:
		On entry : 
		On exit  : 
		Unchanged: 
 Data sizes:     COMMON   BANK0   BANK1   BANK2
      Params:         0       0       0       0
      Locals:         0       1       0       0
      Temps:          0       0       0       0
      Totals:         0       1       0       0
Total ram usage:        1 bytes
 Hardware stack levels used:    1
 Hardware stack levels required when called:    5
 This function calls:
		_putch
 This function is called by:
		_processCmdIN
 This function uses a non-reentrant model


 *************** function _pow *****************
 Defined at:
		line 152 in file "main.c"
 Parameters:    Size  Location     Type
  a               2    6[BANK0 ] const int 
  b               2    8[BANK0 ] const int 
 Auto vars:     Size  Location     Type
  i               2   13[BANK0 ] int 
  result          2   11[BANK0 ] int 
 Return value:  Size  Location     Type
                  2    6[BANK0 ] int 
 Registers used:
		wreg, status,2, status,0, btemp+1, pclath, cstack
 Tracked objects:
		On entry : 
		On exit  : 
		Unchanged: 
 Data sizes:     COMMON   BANK0   BANK1   BANK2
      Params:         0       4       0       0
      Locals:         0       4       0       0
      Temps:          0       1       0       0
      Totals:         0       9       0       0
Total ram usage:        9 bytes
 Hardware stack levels used:    1
 Hardware stack levels required when called:    5
 This function calls:
		___wmul
 This function is called by:
		_processCmdIN
 This function uses a non-reentrant model


 *************** function _isdigit *****************
 Defined at:
		line 8 in file "C:\Program Files (x86)\Microchip\xc8\v1.45\sources\common\isdigit.c"
 Parameters:    Size  Location     Type
  c               1    wreg     unsigned char 
 Auto vars:     Size  Location     Type
  c               1    1[BANK0 ] unsigned char 
 Return value:  Size  Location     Type
		None               void
 Registers used:
		wreg, status,2, status,0
 Tracked objects:
		On entry : 
		On exit  : 
		Unchanged: 
 Data sizes:     COMMON   BANK0   BANK1   BANK2
      Params:         0       0       0       0
      Locals:         0       2       0       0
      Temps:          0       0       0       0
      Totals:         0       2       0       0
Total ram usage:        2 bytes
 Hardware stack levels used:    1
 Hardware stack levels required when called:    4
 This function calls:
		Nothing
 This function is called by:
		_processCmdIN
 This function uses a non-reentrant model


 *************** function _fast_delay_ms *****************
 Defined at:
		line 170 in file "main.c"
 Parameters:    Size  Location     Type
		None
 Auto vars:     Size  Location     Type
		None
 Return value:  Size  Location     Type
                  1    wreg      void 
 Registers used:
		wreg
 Tracked objects:
		On entry : 
		On exit  : 
		Unchanged: 
 Data sizes:     COMMON   BANK0   BANK1   BANK2
      Params:         0       0       0       0
      Locals:         0       0       0       0
      Temps:          0       2       0       0
      Totals:         0       2       0       0
Total ram usage:        2 bytes
 Hardware stack levels used:    1
 Hardware stack levels required when called:    4
 This function calls:
		Nothing
 This function is called by:
		_processCmdIN
		_main
 This function uses a non-reentrant model


 *************** function _ctoi *****************
 Defined at:
		line 148 in file "main.c"
 Parameters:    Size  Location     Type
  c               1    wreg     unsigned char 
 Auto vars:     Size  Location     Type
  c               1    3[BANK0 ] unsigned char 
 Return value:  Size  Location     Type
                  2    0[BANK0 ] int 
 Registers used:
		wreg
 Tracked objects:
		On entry : 
		On exit  : 
		Unchanged: 
 Data sizes:     COMMON   BANK0   BANK1   BANK2
      Params:         0       3       0       0
      Locals:         0       1       0       0
      Temps:          0       0       0       0
      Totals:         0       4       0       0
Total ram usage:        4 bytes
 Hardware stack levels used:    1
 Hardware stack levels required when called:    4
 This function calls:
		Nothing
 This function is called by:
		_processCmdIN
 This function uses a non-reentrant model


 *************** function ___lmul *****************
 Defined at:
		line 15 in file "C:\Program Files (x86)\Microchip\xc8\v1.45\sources\common\Umul32.c"
 Parameters:    Size  Location     Type
  multiplier      4   15[BANK0 ] unsigned long 
  multiplicand    4   19[BANK0 ] unsigned long 
 Auto vars:     Size  Location     Type
  product         4   24[BANK0 ] unsigned long 
 Return value:  Size  Location     Type
                  4   15[BANK0 ] unsigned long 
 Registers used:
		wreg, status,2, status,0
 Tracked objects:
		On entry : 
		On exit  : 
		Unchanged: 
 Data sizes:     COMMON   BANK0   BANK1   BANK2
      Params:         0       8       0       0
      Locals:         0       4       0       0
      Temps:          0       1       0       0
      Totals:         0      13       0       0
Total ram usage:       13 bytes
 Hardware stack levels used:    1
 Hardware stack levels required when called:    4
 This function calls:
		Nothing
 This function is called by:
		_processCmdIN
 This function uses a non-reentrant model


 *************** function _CmdMultiChannel *****************
 Defined at:
		line 199 in file "main.c"
 Parameters:    Size  Location     Type
  chanToActive    2   18[BANK0 ] unsigned int 
  delay           4   20[BANK0 ] unsigned long 
 Auto vars:     Size  Location     Type
  i               2   28[BANK0 ] int 
  nbChange        2   30[BANK0 ] unsigned int 
 Return value:  Size  Location     Type
                  1    wreg      void 
 Registers used:
		wreg, fsr0l, fsr0h, status,2, status,0, pclath, cstack
 Tracked objects:
		On entry : 
		On exit  : 
		Unchanged: 
 Data sizes:     COMMON   BANK0   BANK1   BANK2
      Params:         0       6       0       0
      Locals:         0       4       0       0
      Temps:          0       4       0       0
      Totals:         0      14       0       0
Total ram usage:       14 bytes
 Hardware stack levels used:    1
 Hardware stack levels required when called:    6
 This function calls:
		_CommandChannel
		_ProcessReadChannel
		_delay_ms
		_print_tx
		_printci_tx
 This function is called by:
		_processCmdIN
 This function uses a non-reentrant model


 *************** function _printci_tx *****************
 Defined at:
		line 32 in file "usart.c"
 Parameters:    Size  Location     Type
  c               1    wreg     const unsigned char 
  i               2    2[BANK0 ] unsigned int 
 Auto vars:     Size  Location     Type
  c               1    4[BANK0 ] const unsigned char 
 Return value:  Size  Location     Type
                  1    wreg      void 
 Registers used:
		wreg, status,2, status,0, pclath, cstack
 Tracked objects:
		On entry : 
		On exit  : 
		Unchanged: 
 Data sizes:     COMMON   BANK0   BANK1   BANK2
      Params:         0       2       0       0
      Locals:         0       1       0       0
      Temps:          0       0       0       0
      Totals:         0       3       0       0
Total ram usage:        3 bytes
 Hardware stack levels used:    1
 Hardware stack levels required when called:    5
 This function calls:
		_itoc
		_putch
 This function is called by:
		_CmdMultiChannel
		_processCmdIN
 This function uses a non-reentrant model


 *************** function _itoc *****************
 Defined at:
		line 5 in file "usart.c"
 Parameters:    Size  Location     Type
  i               2    0[BANK0 ] int 
 Auto vars:     Size  Location     Type
		None
 Return value:  Size  Location     Type
                  1    wreg      unsigned char 
 Registers used:
		wreg, status,2, status,0
 Tracked objects:
		On entry : 
		On exit  : 
		Unchanged: 
 Data sizes:     COMMON   BANK0   BANK1   BANK2
      Params:         0       2       0       0
      Locals:         0       0       0       0
      Temps:          0       0       0       0
      Totals:         0       2       0       0
Total ram usage:        2 bytes
 Hardware stack levels used:    1
 Hardware stack levels required when called:    4
 This function calls:
		Nothing
 This function is called by:
		_printci_tx
 This function uses a non-reentrant model


 *************** function _print_tx *****************
 Defined at:
		line 17 in file "usart.c"
 Parameters:    Size  Location     Type
  str             1    wreg     PTR const unsigned char 
		 -> STR_9(6), STR_8(15), STR_7(12), STR_6(11), 
		 -> STR_5(15), STR_4(9), STR_3(12), STR_2(10), 
		 -> STR_1(14), 
  len             2    1[BANK0 ] unsigned int 
 Auto vars:     Size  Location     Type
  str             1    5[BANK0 ] PTR const unsigned char 
		 -> STR_9(6), STR_8(15), STR_7(12), STR_6(11), 
		 -> STR_5(15), STR_4(9), STR_3(12), STR_2(10), 
		 -> STR_1(14), 
  i               2    3[BANK0 ] int 
 Return value:  Size  Location     Type
                  1    wreg      void 
 Registers used:
		wreg, fsr0l, fsr0h, status,2, status,0, pclath, cstack
 Tracked objects:
		On entry : 
		On exit  : 
		Unchanged: 
 Data sizes:     COMMON   BANK0   BANK1   BANK2
      Params:         0       2       0       0
      Locals:         0       3       0       0
      Temps:          0       0       0       0
      Totals:         0       5       0       0
Total ram usage:        5 bytes
 Hardware stack levels used:    1
 Hardware stack levels required when called:    5
 This function calls:
		_putch
 This function is called by:
		_CmdMultiChannel
		_processCmdIN
		_main
 This function uses a non-reentrant model


 *************** function _putch *****************
 Defined at:
		line 10 in file "usart.c"
 Parameters:    Size  Location     Type
  byte            1    wreg     unsigned char 
 Auto vars:     Size  Location     Type
  byte            1    0[BANK0 ] unsigned char 
 Return value:  Size  Location     Type
                  1    wreg      void 
 Registers used:
		wreg
 Tracked objects:
		On entry : 
		On exit  : 
		Unchanged: 
 Data sizes:     COMMON   BANK0   BANK1   BANK2
      Params:         0       0       0       0
      Locals:         0       1       0       0
      Temps:          0       0       0       0
      Totals:         0       1       0       0
Total ram usage:        1 bytes
 Hardware stack levels used:    1
 Hardware stack levels required when called:    4
 This function calls:
		Nothing
 This function is called by:
		_print_tx
		_printc_tx
		_printci_tx
 This function uses a non-reentrant model


 *************** function _ProcessReadChannel *****************
 Defined at:
		line 183 in file "main.c"
 Parameters:    Size  Location     Type
		None
 Auto vars:     Size  Location     Type
		None
 Return value:  Size  Location     Type
                  1    wreg      void 
 Registers used:
		wreg, status,2, status,0, pclath, cstack
 Tracked objects:
		On entry : 
		On exit  : 
		Unchanged: 
 Data sizes:     COMMON   BANK0   BANK1   BANK2
      Params:         0       0       0       0
      Locals:         0       0       0       0
      Temps:          0      12       0       0
      Totals:         0      12       0       0
Total ram usage:       12 bytes
 Hardware stack levels used:    1
 Hardware stack levels required when called:    5
 This function calls:
		___wmul
 This function is called by:
		_CmdMultiChannel
		_processCmdIN
 This function uses a non-reentrant model


 *************** function ___wmul *****************
 Defined at:
		line 15 in file "C:\Program Files (x86)\Microchip\xc8\v1.45\sources\common\Umul16.c"
 Parameters:    Size  Location     Type
  multiplier      2    0[BANK0 ] unsigned int 
  multiplicand    2    2[BANK0 ] unsigned int 
 Auto vars:     Size  Location     Type
  product         2    4[BANK0 ] unsigned int 
 Return value:  Size  Location     Type
                  2    0[BANK0 ] unsigned int 
 Registers used:
		wreg, status,2, status,0
 Tracked objects:
		On entry : 
		On exit  : 
		Unchanged: 
 Data sizes:     COMMON   BANK0   BANK1   BANK2
      Params:         0       4       0       0
      Locals:         0       2       0       0
      Temps:          0       0       0       0
      Totals:         0       6       0       0
Total ram usage:        6 bytes
 Hardware stack levels used:    1
 Hardware stack levels required when called:    4
 This function calls:
		Nothing
 This function is called by:
		_pow
		_ProcessReadChannel
 This function uses a non-reentrant model


 *************** function _CommandChannel *****************
 Defined at:
		line 190 in file "main.c"
 Parameters:    Size  Location     Type
  d               4    5[BANK0 ] unsigned long 
 Auto vars:     Size  Location     Type
		None
 Return value:  Size  Location     Type
                  1    wreg      void 
 Registers used:
		wreg, status,2, status,0, pclath, cstack
 Tracked objects:
		On entry : 
		On exit  : 
		Unchanged: 
 Data sizes:     COMMON   BANK0   BANK1   BANK2
      Params:         0       4       0       0
      Locals:         0       0       0       0
      Temps:          0       0       0       0
      Totals:         0       4       0       0
Total ram usage:        4 bytes
 Hardware stack levels used:    1
 Hardware stack levels required when called:    5
 This function calls:
		_delay_ms
 This function is called by:
		_CmdMultiChannel
		_processCmdIN
 This function uses a non-reentrant model


 *************** function _delay_ms *****************
 Defined at:
		line 161 in file "main.c"
 Parameters:    Size  Location     Type
  x               2    0[BANK0 ] int 
 Auto vars:     Size  Location     Type
  i               2    3[BANK0 ] int 
 Return value:  Size  Location     Type
                  1    wreg      void 
 Registers used:
		wreg, status,2
 Tracked objects:
		On entry : 
		On exit  : 
		Unchanged: 
 Data sizes:     COMMON   BANK0   BANK1   BANK2
      Params:         0       2       0       0
      Locals:         0       2       0       0
      Temps:          0       1       0       0
      Totals:         0       5       0       0
Total ram usage:        5 bytes
 Hardware stack levels used:    1
 Hardware stack levels required when called:    4
 This function calls:
		Nothing
 This function is called by:
		_CommandChannel
		_CmdMultiChannel
		_processCmdIN
 This function uses a non-reentrant model


 *************** function _flashAliveLED *****************
 Defined at:
		line 175 in file "main.c"
 Parameters:    Size  Location     Type
  toggleCount     2    0[BANK0 ] int 
  changeScaler    2    2[BANK0 ] int 
 Auto vars:     Size  Location     Type
		None
 Return value:  Size  Location     Type
                  1    wreg      void 
 Registers used:
		wreg
 Tracked objects:
		On entry : 
		On exit  : 
		Unchanged: 
 Data sizes:     COMMON   BANK0   BANK1   BANK2
      Params:         0       4       0       0
      Locals:         0       0       0       0
      Temps:          0       0       0       0
      Totals:         0       4       0       0
Total ram usage:        4 bytes
 Hardware stack levels used:    1
 Hardware stack levels required when called:    4
 This function calls:
		Nothing
 This function is called by:
		_main
 This function uses a non-reentrant model


 *************** function _ISR *****************
 Defined at:
		line 532 in file "main.c"
 Parameters:    Size  Location     Type
		None
 Auto vars:     Size  Location     Type
  c               1   13[COMMON] unsigned char 
 Return value:  Size  Location     Type
                  1    wreg      void 
 Registers used:
		wreg, fsr0l, fsr0h, status,2, status,0, btemp+1, pclath, cstack
 Tracked objects:
		On entry : 
		On exit  : 
		Unchanged: 
 Data sizes:     COMMON   BANK0   BANK1   BANK2
      Params:         0       0       0       0
      Locals:         1       0       0       0
      Temps:          5       0       0       0
      Totals:         6       0       0       0
Total ram usage:        6 bytes
 Hardware stack levels used:    1
 Hardware stack levels required when called:    3
 This function calls:
		_getch
		_processRXIN
 This function is called by:
		Interrupt level 1
 This function uses a non-reentrant model


 *************** function _processRXIN *****************
 Defined at:
		line 467 in file "main.c"
 Parameters:    Size  Location     Type
  c_in            1    wreg     volatile unsigned char 
 Auto vars:     Size  Location     Type
  c_in            1    7[COMMON] volatile unsigned char 
 Return value:  Size  Location     Type
                  1    wreg      void 
 Registers used:
		wreg, fsr0l, fsr0h, status,2, status,0, pclath, cstack
 Tracked objects:
		On entry : 
		On exit  : 
		Unchanged: 
 Data sizes:     COMMON   BANK0   BANK1   BANK2
      Params:         0       0       0       0
      Locals:         1       0       0       0
      Temps:          2       0       0       0
      Totals:         3       0       0       0
Total ram usage:        3 bytes
 Hardware stack levels used:    1
 Hardware stack levels required when called:    2
 This function calls:
		i1_flashAliveLED
		i1_printci_tx
 This function is called by:
		_ISR
 This function uses a non-reentrant model


 *************** function i1_printci_tx *****************
 Defined at:
		line 32 in file "usart.c"
 Parameters:    Size  Location     Type
  c               1    wreg     const unsigned char 
  i               2    2[COMMON] unsigned int 
 Auto vars:     Size  Location     Type
  c               1    4[COMMON] const unsigned char 
 Return value:  Size  Location     Type
                  1    wreg      void 
 Registers used:
		wreg, status,2, status,0, pclath, cstack
 Tracked objects:
		On entry : 
		On exit  : 
		Unchanged: 
 Data sizes:     COMMON   BANK0   BANK1   BANK2
      Params:         2       0       0       0
      Locals:         1       0       0       0
      Temps:          0       0       0       0
      Totals:         3       0       0       0
Total ram usage:        3 bytes
 Hardware stack levels used:    1
 Hardware stack levels required when called:    1
 This function calls:
		i1_itoc
		i1_putch
 This function is called by:
		_processRXIN
 This function uses a non-reentrant model


 *************** function i1_putch *****************
 Defined at:
		line 10 in file "usart.c"
 Parameters:    Size  Location     Type
  byte            1    wreg     unsigned char 
 Auto vars:     Size  Location     Type
  byte            1    0[COMMON] unsigned char 
 Return value:  Size  Location     Type
                  1    wreg      void 
 Registers used:
		wreg
 Tracked objects:
		On entry : 
		On exit  : 
		Unchanged: 
 Data sizes:     COMMON   BANK0   BANK1   BANK2
      Params:         0       0       0       0
      Locals:         1       0       0       0
      Temps:          0       0       0       0
      Totals:         1       0       0       0
Total ram usage:        1 bytes
 Hardware stack levels used:    1
 This function calls:
		Nothing
 This function is called by:
		i1_printci_tx
 This function uses a non-reentrant model


 *************** function i1_itoc *****************
 Defined at:
		line 5 in file "usart.c"
 Parameters:    Size  Location     Type
  i               2    0[COMMON] int 
 Auto vars:     Size  Location     Type
		None
 Return value:  Size  Location     Type
                  1    wreg      unsigned char 
 Registers used:
		wreg, status,2, status,0
 Tracked objects:
		On entry : 
		On exit  : 
		Unchanged: 
 Data sizes:     COMMON   BANK0   BANK1   BANK2
      Params:         2       0       0       0
      Locals:         0       0       0       0
      Temps:          0       0       0       0
      Totals:         2       0       0       0
Total ram usage:        2 bytes
 Hardware stack levels used:    1
 This function calls:
		Nothing
 This function is called by:
		i1_printci_tx
 This function uses a non-reentrant model


 *************** function i1_flashAliveLED *****************
 Defined at:
		line 175 in file "main.c"
 Parameters:    Size  Location     Type
  toggleCount     2    0[COMMON] int 
  changeScaler    2    2[COMMON] int 
 Auto vars:     Size  Location     Type
		None
 Return value:  Size  Location     Type
                  1    wreg      void 
 Registers used:
		wreg
 Tracked objects:
		On entry : 
		On exit  : 
		Unchanged: 
 Data sizes:     COMMON   BANK0   BANK1   BANK2
      Params:         4       0       0       0
      Locals:         0       0       0       0
      Temps:          0       0       0       0
      Totals:         4       0       0       0
Total ram usage:        4 bytes
 Hardware stack levels used:    1
 This function calls:
		Nothing
 This function is called by:
		_processRXIN
 This function uses a non-reentrant model


 *************** function _getch *****************
 Defined at:
		line 40 in file "usart.c"
 Parameters:    Size  Location     Type
		None
 Auto vars:     Size  Location     Type
		None
 Return value:  Size  Location     Type
                  1    wreg      unsigned char 
 Registers used:
		wreg
 Tracked objects:
		On entry : 
		On exit  : 
		Unchanged: 
 Data sizes:     COMMON   BANK0   BANK1   BANK2
      Params:         0       0       0       0
      Locals:         0       0       0       0
      Temps:          0       0       0       0
      Totals:         0       0       0       0
Total ram usage:        0 bytes
 Hardware stack levels used:    1
 This function calls:
		Nothing
 This function is called by:
		_ISR
 This function uses a non-reentrant model



MODULE INFORMATION

Module		Function		Class		Link	Load	Size
C:\Program Files (x86)\Microchip\xc8\v1.45\sources\common\Umul16.c
		___wmul        		CODE           	0649	0000	36

C:\Program Files (x86)\Microchip\xc8\v1.45\sources\common\Umul16.c estimated size: 36

usart.c
		_printc_tx     		CODE           	06D6	0000	18
		_print_tx      		CODE           	0620	0000	42
		_putch         		CODE           	0746	0000	9
		_getch         		CODE           	0756	0000	7
		_printci_tx    		CODE           	068E	0000	30
		_itoc          		CODE           	075C	0000	6

usart.c estimated size: 112

C:\Program Files (x86)\Microchip\xc8\v1.45\sources\common\isdigit.c
		_isdigit       		CODE           	06F7	0000	17

C:\Program Files (x86)\Microchip\xc8\v1.45\sources\common\isdigit.c estimated size: 17

C:\Program Files (x86)\Microchip\xc8\v1.45\sources\common\Umul32.c
		___lmul        		CODE           	05DF	0000	66

C:\Program Files (x86)\Microchip\xc8\v1.45\sources\common\Umul32.c estimated size: 66

shared
		i1_printci_tx  		CODE           	06AB	0000	24
		i1_putch       		CODE           	074E	0000	9
		__stringtab    		STRING         	0530	0000	7
		i1_itoc        		CODE           	0761	0000	4
		__initialization		CODE           	0013	0000	18
		i1_flashAliveLED		CODE           	0713	0000	13

shared estimated size: 75

main.c
		_processRXIN   		CODE           	0461	0000	105
		_processCmdIN  		CODE           	0027	0000	589
		_ISR           		CODE           	0389	0000	112
		_flashAliveLED 		CODE           	0707	0000	13
		_ProcessReadChannel		CODE           	03F8	0000	106
		_main          		CODE           	04C9	0000	104
		_ctoi          		CODE           	072A	0000	12
		_fast_delay_ms 		CODE           	071F	0000	12
		_CmdMultiChannel		CODE           	0273	0000	279
		_pow           		CODE           	0590	0000	80
		_delay_ms      		CODE           	066C	0000	35
		_CommandChannel		CODE           	06C2	0000	21

main.c estimated size: 1468

